{"hourly": [{"datetime": "2022-10-22T00:00:00", "value_eur": 0.256, "energy_term": 0.235, "power_term": 0.02, "others_term": 0.001}, {"datetime": "2022-10-22T01:00:00", "value_eur": 0.21, "energy_term": 0.188, "power_term": 0.02, "others_term": 0.001}, {"datetime": "2022-10-22T02:00:00", "value_eur": 0.249, "energy_term": 0.228, "power_term": 0.02, "others_term": 0.001}, {"datetime": "2022-10-22T03:00:00", "value_eur": 0.274, "energy_term": 0.252, "power_term": 0.02, "others_term": 0.001}, {"datetime": "2022-10-22T04:00:00", "value_eur": 0.225, "energy_term": 0.203, "power_term": 0.02, "others_term": 0.001}, {"datetime": "2022-10-22T05:00:00", "value_eur": 0.237, "energy_term": 0.215, "power_term": 0.02, "others_term": 0.001}, {"datetime": "2022-10-22T06:00:00", "value_eur": 0.659, "energy_term": 0.637, "power_term": 0.02, "others_term": 0.001}, {"datetime": "2022-10-22T07:00:00", "value_eur": 0.594, "energy_term": 0.572, "power_term": 0.02, "others_term": 0.001}, {"datetime": "2022-10-22T08:00:00", "value_eur": 0.525, "energy_term": 0.503, "power_term": 0.02, "others_term": 0.001}, {"datetime": "2022-10-22T09:00:00", "value_eur": 0.424, "energy_term": 0.402, "power_term": 0.02, "others_term": 0.001}, {"datetime": "2022-10-22T10:00:00", "value_eur": 0.483, "energy_term": 0.461, "power_term": 0.02, "others_term": 0.001}, {"datetime": "2022-10-22T11:00:00", "value_eur": 0.667, "energy_term": 0.645, "power_term": 0.02, "others_term": 0.001}, {"datetime": "2022-10-22T12:00:00", "value_eur": 0.416, "energy_term": 0.394, "power_term": 0.02, "others_term": 0.001}, {"datetime": "2022-10-22T13:00:00", "value_eur": 0.389, "energy_term": 0.368, "power_term": 0.02, "others_term": 0.001}, {"datetime": "2022-10-22T14:00:00", "value_eur": 0.341, "energy_term": 0.319, "power_term": 0.02, "others_term": 0.001}, {"datetime": "2022-10-22T15:00:00", "value_eur": 0.395, "energy_term": 0.373, "power_term": 0.02, "others_term": 0.001}, {"datetime": "2022-10-22T16:00:00", "value_eur": 0.365, "energy_term": 0.343, "power_term": 0.02, "others_term": 0.001}, {"datetime": "2022-10-22T17:00:00", "value_eur": 0.351, "energy_term": 0.33, "power_term": 0.02, "others_term": 0.001}, {"datetime": "2022-10-22T18:00:00", "value_eur": 0.369, "energy_term": 0.347, "power_term": 0.02, "others_term": 0.001}, {"datetime": "2022-10-22T19:00:00", "value_eur": 0.485, "energy_term": 0.464, "power_term": 0.02, "others_term": 0.001}, {"datetime": "2022-10-22T20:00:00", "value_eur": 0.363, "energy_term": 0.341, "power_term": 0.02, "others_term": 0.001}, {"datetime": "2022-10-22T21:00:00", "value_eur": 0.38, "energy_term": 0.358, "power_term": 0.02, "others_term": 0.001}, {"datetime": "2022-10-22T22:00:00", "value_eur": 0.267, "energy_term": 0.245, "power_term": 0.02, "others_term": 0.001}, {"datetime": "2022-10-22T23:00:00", "value_eur": 0.263, "energy_term": 0.242, "power_term": 0.02, "others_term": 0.001}], "daily": [{"datetime": "2022-10-22T00:00:00", "value_eur": 9.19, "energy_term": 8.67, "power_term": 0.49, "others_term": 0.03}], "monthly": [{"datetime": "2022-10-01T00:00:00", "value_eur": 9.19, "energy_term": 8.67, "power_term": 0.49, "others_term": 0.03}]}