{"stats": {"value_max_kW": 4.05, "date_max": "2022-09-20T16:00:00", "value_mean_kW": 2.86, "value_tile90_kW": 3.59}}