{"hourly": [{"datetime": "2022-10-22T00:00:00", "value_eur": 0.285, "energy_term": 0.235, "power_term": 0.02, "others_term": 0.03}, {"datetime": "2022-10-22T01:00:00", "value_eur": 0.239, "energy_term": 0.188, "power_term": 0.02, "others_term": 0.03}, {"datetime": "2022-10-22T02:00:00", "value_eur": 0.278, "energy_term": 0.228, "power_term": 0.02, "others_term": 0.03}, {"datetime": "2022-10-22T03:00:00", "value_eur": 0.302, "energy_term": 0.252, "power_term": 0.02, "others_term": 0.03}, {"datetime": "2022-10-22T04:00:00", "value_eur": 0.254, "energy_term": 0.203, "power_term": 0.02, "others_term": 0.03}, {"datetime": "2022-10-22T05:00:00", "value_eur": 0.265, "energy_term": 0.215, "power_term": 0.02, "others_term": 0.03}, {"datetime": "2022-10-22T06:00:00", "value_eur": 0.687, "energy_term": 0.637, "power_term": 0.02, "others_term": 0.03}, {"datetime": "2022-10-22T07:00:00", "value_eur": 0.622, "energy_term": 0.572, "power_term": 0.02, "others_term": 0.03}, {"datetime": "2022-10-22T08:00:00", "value_eur": 0.553, "energy_term": 0.503, "power_term": 0.02, "others_term": 0.03}, {"datetime": "2022-10-22T09:00:00", "value_eur": 0.453, "energy_term": 0.402, "power_term": 0.02, "others_term": 0.03}, {"datetime": "2022-10-22T10:00:00", "value_eur": 0.511, "energy_term": 0.461, "power_term": 0.02, "others_term": 0.03}, {"datetime": "2022-10-22T11:00:00", "value_eur": 0.695, "energy_term": 0.645, "power_term": 0.02, "others_term": 0.03}, {"datetime": "2022-10-22T12:00:00", "value_eur": 0.444, "energy_term": 0.394, "power_term": 0.02, "others_term": 0.03}, {"datetime": "2022-10-22T13:00:00", "value_eur": 0.418, "energy_term": 0.368, "power_term": 0.02, "others_term": 0.03}, {"datetime": "2022-10-22T14:00:00", "value_eur": 0.369, "energy_term": 0.319, "power_term": 0.02, "others_term": 0.03}, {"datetime": "2022-10-22T15:00:00", "value_eur": 0.424, "energy_term": 0.373, "power_term": 0.02, "others_term": 0.03}, {"datetime": "2022-10-22T16:00:00", "value_eur": 0.394, "energy_term": 0.343, "power_term": 0.02, "others_term": 0.03}, {"datetime": "2022-10-22T17:00:00", "value_eur": 0.38, "energy_term": 0.33, "power_term": 0.02, "others_term": 0.03}, {"datetime": "2022-10-22T18:00:00", "value_eur": 0.397, "energy_term": 0.347, "power_term": 0.02, "others_term": 0.03}, {"datetime": "2022-10-22T19:00:00", "value_eur": 0.514, "energy_term": 0.464, "power_term": 0.02, "others_term": 0.03}, {"datetime": "2022-10-22T20:00:00", "value_eur": 0.391, "energy_term": 0.341, "power_term": 0.02, "others_term": 0.03}, {"datetime": "2022-10-22T21:00:00", "value_eur": 0.409, "energy_term": 0.358, "power_term": 0.02, "others_term": 0.03}, {"datetime": "2022-10-22T22:00:00", "value_eur": 0.295, "energy_term": 0.245, "power_term": 0.02, "others_term": 0.03}, {"datetime": "2022-10-22T23:00:00", "value_eur": 0.292, "energy_term": 0.242, "power_term": 0.02, "others_term": 0.03}], "daily": [{"datetime": "2022-10-22T00:00:00", "value_eur": 9.87, "energy_term": 8.67, "power_term": 0.49, "others_term": 0.71}], "monthly": [{"datetime": "2022-10-01T00:00:00", "value_eur": 9.87, "energy_term": 8.67, "power_term": 0.49, "others_term": 0.71}]}