{"cups": null, "contract_p1_kW": 4.4, "contract_p2_kW": 4.4, "yesterday_kWh": 12.74, "yesterday_hours": 24, "yesterday_p1_kWh": 3.14, "yesterday_p2_kWh": 6.1, "yesterday_p3_kWh": 3.5, "last_registered_date": "2022-10-24T02:00:00", "last_registered_day_kWh": 0.57, "last_registered_day_hours": 3, "last_registered_day_p1_kWh": 0.0, "last_registered_day_p2_kWh": 0.0, "last_registered_day_p3_kWh": 0.57, "month_kWh": 238.89, "month_daily_kWh": 10.33, "month_days": 23.12, "month_p1_kWh": 54.46, "month_p2_kWh": 60.62, "month_p3_kWh": 123.81, "month_\u20ac": 75.49, "last_month_kWh": 316.48, "last_month_daily_kWh": 10.55, "last_month_days": 30.0, "last_month_p1_kWh": 74.56, "last_month_p2_kWh": 98.56, "last_month_p3_kWh": 143.36, "last_month_\u20ac": null, "max_power_kW": 4.05, "max_power_date": "2022-09-20T16:00:00", "max_power_mean_kW": 2.86, "max_power_90perc_kW": 3.59}